# Anharmonic potential for TITEP+M3A in c-Si. 

neighbor 0.0 bin
boundary p p p  
units metal

atom_style angle

atom_modify map array  
read_data data.gan

pair_style snap # Need to overlay a separate pair style describing TITEP interactions.
pair_coeff * * snap GaN.snapcoeff Ga N GaN.snapparam Ga N
